// Jest Snapshot v1, https://goo.gl/fbAQLP

exports[`Hero component matches snapshot 1`] = `
<DocumentFragment>
  <a
    class="Hero__OuterLink-sc-1h6z6u8-0 ejkXYN d-block position-relative undefined"
    href="https://www.wiggle.co.uk/pro-riding-for-summer"
  >
    <div
      style="position: relative; display: block; padding-bottom: 33.85416666666667%;"
    >
      <noscript />
      <img
        alt="Default hero alt text"
        data-src="https://cdn.media.amplience.net/i/wigglecrcnonprd/CCC-11-5-a?w=1920&h=650&sm=C"
        src="data:image/gif;base64,R0lGODlhAQABAAD/ACwAAAAAAQABAAACADs="
        style="height: 100%; width: 100%; visibility: hidden; position: absolute; top: 0px; left: 0px;"
      />
      <div
        style="position: absolute; top: 0px; left: 0px; width: 100%; height: 100%; background: white; transition: 0.1s opacity;"
      />
    </div>
    <div
      class="container"
    >
      <div
        class="position-relative"
      >
        <div
          class="position-absolute bottom-0 pb-5 mb-5 text-uppercase"
        >
          <h2
            class=""
          >
            Default  Ride like a pro
          </h2>
          <div
            class="btn"
          >
            Default Shop now
          </div>
        </div>
      </div>
    </div>
  </a>
</DocumentFragment>
`;
