// Jest Snapshot v1, https://goo.gl/fbAQLP

exports[`ThreePushPanel component matches snapshot 1`] = `
<DocumentFragment>
  <div
    class="container py-5"
  >
    <div
      class="row"
    >
      <div
        class="col-xs-12 col-sm-6 w-pr-4 w-pl-2 w-pl-sm-4 stack-undefined"
      >
        <div
          class="PushPanel__Panel-sc-1magf3k-0 kDGwnJ"
        >
          <a
            class="PushPanel__PanelLink-sc-1magf3k-1 nQoaE"
            href="https://www.wiggle.co.uk/discover-different"
          >
            <img
              class="PushPanelImage__PanelImg-sc-14ujkc5-0 dpUuSb"
              src="https://cdn.media.amplience.net/i/wigglecrcnonprd/homepageb3d2"
            />
            <div
              class="PushPanel__PanelText-sc-1magf3k-2 kcYvrH"
            >
              <h2
                style="color: black; font-weight: 100;"
              >
                Default headline
              </h2>
              <h3
                style="color: black;"
              >
                Default Strapline
              </h3>
              <button
                style="color: black;"
              >
                Default call to action
              </button>
            </div>
          </a>
        </div>
      </div>
      <div
        class="col-xs-12 col-sm-6 w-pr-4 w-pl-2 w-pl-sm-4 stack-undefined"
      >
        <div
          class="PushPanel__Panel-sc-1magf3k-0 kDGwnJ"
        >
          <a
            class="PushPanel__PanelLink-sc-1magf3k-1 nQoaE"
            href="https://www.wiggle.co.uk/discover-different"
          >
            <img
              class="PushPanelImage__PanelImg-sc-14ujkc5-0 dpUuSb"
              src="https://cdn.media.amplience.net/i/wigglecrcnonprd/homepageb3d2"
            />
            <div
              class="PushPanel__PanelText-sc-1magf3k-2 kcYvrH"
            >
              <h2
                style="color: black; font-weight: 100;"
              >
                Default headline
              </h2>
              <h3
                style="color: black;"
              >
                Default Strapline
              </h3>
              <button
                style="color: black;"
              >
                Default call to action
              </button>
            </div>
          </a>
        </div>
      </div>
    </div>
  </div>
</DocumentFragment>
`;

exports[`ThreePushPanel component three doesn't matches snapshot 1`] = `false`;
