// Jest Snapshot v1, https://goo.gl/fbAQLP

exports[`Link Banner component Matches snapshot 1`] = `
<DocumentFragment>
  <a
    class="LinkBanner__Banner-sc-1rg8ysw-0 cpXOje link-banner"
    href="https://www.wiggle.co.uk/"
  >
    <div
      class="LinkBanner__BannerText-sc-1rg8ysw-1 bQArJM"
    >
      <p>
        TEST HEADLINE
      </p>
    </div>
    <button
      class="LinkBanner__BannerCTA-sc-1rg8ysw-2 hRGaUq cta-btn"
    >
      <p>
        TEST CTA TEXT
      </p>
    </button>
  </a>
</DocumentFragment>
`;
