// Jest Snapshot v1, https://goo.gl/fbAQLP

exports[`Link Banner component matches snapshot 1`] = `
<DocumentFragment>
  <a
    class="LinkBanner__Banner-sc-1rg8ysw-0 eetbAi"
    href="Default URL"
  >
    <div
      class="LinkBanner__BannerText-sc-1rg8ysw-1 bQArJM"
    >
      <p>
        DEFAULT HEADLINE
      </p>
    </div>
    <button
      class="LinkBanner__BannerCTA-sc-1rg8ysw-2 hRGaUq cta-btn"
    >
      <p>
        DEFAULT CTA TEXT
      </p>
    </button>
  </a>
</DocumentFragment>
`;
