// Jest Snapshot v1, https://goo.gl/fbAQLP

exports[`SEO Text component Matches snapshot 1`] = `
<DocumentFragment>
  <div
    class="SeoText__MainTextWrapper-sc-us8wk8-0 ciwyVE seo-text-wrapper"
  >
    <div
      class="SeoText__MainTextArea-sc-us8wk8-1 idWIsq seo-text"
    >
      <p>
        Default Text
      </p>
    </div>
  </div>
</DocumentFragment>
`;
