// Jest Snapshot v1, https://goo.gl/fbAQLP

exports[`SEO Text component matches snapshot 1`] = `
<DocumentFragment>
  <div
    class="SeoText__MainTextWrapper-sc-us8wk8-0 ciwyVE"
  >
    <div
      class="SeoText__MainTextArea-sc-us8wk8-1 HseIB"
    >
      Default Text
    </div>
  </div>
</DocumentFragment>
`;
